Operadores relacionais

>>> 3>4
False
>>> 4 >= 3
True
>>> 1<2
True
>>> 3 != 2
True
>>> 3 = 3
SyntaxError: can't assign to literal
>>> 3 == 3
True
>>> 3 <= 1
False
>>> 2 == '2'
False
>>> # se foss ejava script era veridadeiro devido a typagem exemplo s === '2' ESTRITAMENTE igual da False nesse caso
>>> # nao existe estrito === noPython pois ele es importa com a tiapgem das variaveis
>>> 